// Jest Snapshot v1, https://goo.gl/fbAQLP

exports[`import DashBoardExpenses from "../../components/DashBoardExpenses" 1`] = `
<div>
  <Connect(ExpenseSummary) />
  <Connect(ExpenseListFilter) />
  <Connect(ExpenseList) />
</div>
`;
