// Jest Snapshot v1, https://goo.gl/fbAQLP

exports[`import EditExpenses from "../../components/EditExpenses" 1`] = `
<div>
  <h1>
    Edit Expense 
  </h1>
  <ExpensesForm
    amount={4500}
    createdAt={"1970-01-05T00:00:00.000Z"}
    description="credit Card"
    id={2}
    note=""
    onSubmit={[Function]}
  />
  <button
    onClick={[Function]}
  >
    Remove
  </button>
</div>
`;
